--------- beginning of main
04-17 18:11:09.632  1128  1352 D libcomposer_ext: ClientImplAidl::kickIdle()
04-17 18:11:09.632  1083  1105 D libcomposer_ext: DeviceImplAidl::syncPerform(17), client_handle: 0
04-17 18:11:09.632  1083  1105 D libcomposer_ext: DeviceImplAidl::DeviceClientContextAidl::ParseKickIdle()
04-17 18:11:09.715  2392  2392 D WifiHAL : WifiRequest::create vendor command to iface 15, vendor_id=0x1a11, subcmd=0x1200, res=0
04-17 18:11:09.730  2392  2392 I WifiHAL : LLS RSP: data=0xb400007858a343a0, len=5244
04-17 18:11:09.730  2392  2392 I WifiHAL : LLS check_data_sanity: 1819: current_radio_stat->num_channels=11
04-17 18:11:09.730  2392  2392 I WifiHAL : LLS check_data_sanity: 1819: current_radio_stat->num_channels=42
04-17 18:11:09.730  2392  2392 I WifiHAL : LLS check_data_sanity: confirmed_size=5244, len=5244
04-17 18:11:09.732  1128  1352 D libcomposer_ext: ClientImplAidl::kickIdle()
04-17 18:11:09.732  1083  1105 D libcomposer_ext: DeviceImplAidl::syncPerform(17), client_handle: 0
04-17 18:11:09.732  1083  1105 D libcomposer_ext: DeviceImplAidl::DeviceClientContextAidl::ParseKickIdle()
04-17 18:11:09.733  1701  3834 D SemWifiUsabilityStatsMonitor: onWifiUsabilityStats - seqNum 35015, isSameBssidAndFreq true
04-17 18:11:09.734  1701  2325 D InsDataManager: onOutageCountUpdate() - Outage Data: 0, LQ : Y. Outage Triggered: false
04-17 18:11:09.735  1701  2325 D InsDataManager: Trying to save initial normal data.
04-17 18:11:09.735  1701  2325 D SensorCollector: syncMappedBuffers: 0, 0, 0
04-17 18:11:09.735  1701  2325 D InsDataManager: trimBuffers start.
04-17 18:11:09.735  1701  2325 D InsDataManager: trimBuffers - nsmBuffer size: 26
04-17 18:11:09.735  1701  2325 D InsDataManager: Too short for collecting additional normal data
04-17 18:11:09.735  1701  2325 D SemInsManager: {"bssid": "06ef37655765","rssi": -61.0,"latency": 0.0,"outage_count": 0,"lq_callback_triggered": true,"outage_log": "Unreliable statistics: -61.0 / 0 / 117 / 50 / 0 || 06ef37655765: 0.000 / 0.000 / @ || N N / 0 0 / Y 2.0 / Y X 0 / 106127220 0 || Invalid""Magnetic Sensor Events size": "0""Pressure Sensor Events size": "0"}
--------- beginning of system
04-17 18:11:09.737  1701  2342 D SGM:GameManager: identifyGamePackage. com.fieldguideapp.inspector, mCurrentUserId: 0, callingMethodInfo: com.samsung.android.game.SemGameManager.isGamePackage(SemGameManager.java:106)
04-17 18:11:09.737  1701  2342 D SGM:SemGameManager: isGamePackage(), pkgName=com.fieldguideapp.inspector, ret=false
04-17 18:11:09.762  1118  1136 E HeatmapThread: ECT Thread time in milliseconds: 1776463869
04-17 18:11:09.764  1118  1136 D HeatmapThread: !@ batteryplugType : 2
04-17 18:11:09.764  1118  1136 D HeatmapThread: !@ batteryLevel : 100  batteryTemperature : 247 
04-17 18:11:09.764  1118  1136 D HeatmapThread: !@ Heatmap currtime: 29607731
04-17 18:11:09.764  1118  1136 D HeatmapThread: !@ Heatmap prevtime: 29607702
04-17 18:11:09.764  1118  1136 D HeatmapThread: !@ Heatmap plugstarttime: 29606513
04-17 18:11:09.764  1118  1136 D HeatmapThread: !@ Heatmap prevv_dsoh_update_time: 29607703
04-17 18:11:09.765  1118  1136 E HeatmapThread: !@ CAM New BSOH: 100
04-17 18:11:09.765  1118  1136 E HeatmapThread: !@ CAM is Working
04-17 18:11:09.832  1128  1352 D libcomposer_ext: ClientImplAidl::kickIdle()
04-17 18:11:09.832  1083  1105 D libcomposer_ext: DeviceImplAidl::syncPerform(17), client_handle: 0
04-17 18:11:09.832  1083  1105 D libcomposer_ext: DeviceImplAidl::DeviceClientContextAidl::ParseKickIdle()
04-17 18:11:09.929  4173  5539 I SDHMS:x : SIOP:: AP:272 BAT:247 USB:243 CHG:262 PA:-200 CP:-200 WIFI:267 BLK:265 SUBBAT:0 LRPTHM:270 SKIN:274 SKINF:274 SKINB:268 LRP:274 LRF:274 LRB:268 APT:274 APR:268 CHGF:257 CHGB:255 VAP:277 VAP02:273 AVGCUR:0 AVGSYS:0 POWER:0
04-17 18:11:09.932  1128  1352 D libcomposer_ext: ClientImplAidl::kickIdle()
04-17 18:11:09.932  1083  1105 D libcomposer_ext: DeviceImplAidl::syncPerform(17), client_handle: 0
04-17 18:11:09.932  1083  1105 D libcomposer_ext: DeviceImplAidl::DeviceClientContextAidl::ParseKickIdle()
04-17 18:11:09.955  1701  4291 D NetdEventListenerService: CSC Feature value: true
04-17 18:11:10.032  1128  1352 D libcomposer_ext: ClientImplAidl::kickIdle()
04-17 18:11:10.032  1083  1105 D libcomposer_ext: DeviceImplAidl::syncPerform(17), client_handle: 0
04-17 18:11:10.032  1083  1105 D libcomposer_ext: DeviceImplAidl::DeviceClientContextAidl::ParseKickIdle()
04-17 18:11:10.064  4552  4618 I LorieNative: ExaTrace: putImage accel count=423040 drawableType=1 drawableId=0x2001a1 geom=2414x1848 size=1207x924 format=2 depth=24
04-17 18:11:10.132  1128  1352 D libcomposer_ext: ClientImplAidl::kickIdle()
04-17 18:11:10.132  1083  1105 D libcomposer_ext: DeviceImplAidl::syncPerform(17), client_handle: 0
04-17 18:11:10.132  1083  1105 D libcomposer_ext: DeviceImplAidl::DeviceClientContextAidl::ParseKickIdle()
04-17 18:11:10.232  1128  1352 D libcomposer_ext: ClientImplAidl::kickIdle()
04-17 18:11:10.232  1083  1105 D libcomposer_ext: DeviceImplAidl::syncPerform(17), client_handle: 0
04-17 18:11:10.232  1083  1105 D libcomposer_ext: DeviceImplAidl::DeviceClientContextAidl::ParseKickIdle()
04-17 18:11:10.277  1251  1284 E thermal_core: find_tz_idx_by_name:"Failed to find thermal zone index of ap_ntc\n"
04-17 18:11:10.277  1251  1284 E thermal_core: find_tz_idx_by_name:"Failed to find thermal zone index of mtk-master-charger\n"
04-17 18:11:10.332  1128  1352 D libcomposer_ext: ClientImplAidl::kickIdle()
04-17 18:11:10.332  1083  1105 D libcomposer_ext: DeviceImplAidl::syncPerform(17), client_handle: 0
04-17 18:11:10.332  1083  1105 D libcomposer_ext: DeviceImplAidl::DeviceClientContextAidl::ParseKickIdle()
04-17 18:11:10.432  1128  1352 D libcomposer_ext: ClientImplAidl::kickIdle()
04-17 18:11:10.432  1083  1105 D libcomposer_ext: DeviceImplAidl::syncPerform(17), client_handle: 0
04-17 18:11:10.432  1083  1105 D libcomposer_ext: DeviceImplAidl::DeviceClientContextAidl::ParseKickIdle()
04-17 18:11:10.493  2569  3389 I ScanController: onScanResult to scannerId: 10- eventType=0x10, addressType=0, address=XX:XX:XX:XX:E5:97, primaryPhy=1, secondaryPhy=0, advertisingSid=0xff, txPower=127, rssi=-87, periodicAdvInt=0x0
04-17 18:11:10.497  7324  7675 I [-0400]oneconnect[1.8.41.23_01][CORE]: DataConvert.parseBleVd - deviceBle : |name:|deviceType:TV|discoverType:_BLE|services:None|connected:false[TvStatusString]POWER_OFF[TvStatus]-128[TvService]102[TvMirrorChannel]1[TvRegisteredDB][-60, 7, -102, 111, 0, 0][TvYear]2016[TvOcfInfo]0[TvAcmStatus]0[ExTvStatus]0[ExtendedStatus]-1[ModuloSn]-1
04-17 18:11:10.532  1128  1352 D libcomposer_ext: ClientImplAidl::kickIdle()
04-17 18:11:10.532  1083  1105 D libcomposer_ext: DeviceImplAidl::syncPerform(17), client_handle: 0
04-17 18:11:10.532  1083  1105 D libcomposer_ext: DeviceImplAidl::DeviceClientContextAidl::ParseKickIdle()
04-17 18:11:10.561  4552  4618 I LorieNative: DamageTraceV2: Composite count=409472 drawableType=WINDOW screenPixmap=0 drawable=0xb400007ac0696dd0 geom=2414x1848 box=0,0-2414,1848 fn=0x7a17914ed4 fn_offset=0x311ed4 fbase=0x7a17603000 sym=unknown so=/data/app/~~iNwcSjv3C2CZCLwcLxpEtA==/com.termux.x11-1tus8NhfW98goVF914TrYw==/base.apk!/lib/arm64-v8a/libXlorie.so
04-17 18:11:10.592  2569  3389 I ScanController: onScanResult to scannerId: 3- eventType=0x1b, addressType=1, address=XX:XX:XX:XX:E6:08, primaryPhy=1, secondaryPhy=0, advertisingSid=0xff, txPower=127, rssi=-90, periodicAdvInt=0x0
04-17 18:11:10.632  1128  1352 D libcomposer_ext: ClientImplAidl::kickIdle()
04-17 18:11:10.633  1083  1105 D libcomposer_ext: DeviceImplAidl::syncPerform(17), client_handle: 0
04-17 18:11:10.633  1083  1105 D libcomposer_ext: DeviceImplAidl::DeviceClientContextAidl::ParseKickIdle()
04-17 18:11:10.732  1128  1352 D libcomposer_ext: ClientImplAidl::kickIdle()
04-17 18:11:10.732  1083  1105 D libcomposer_ext: DeviceImplAidl::syncPerform(17), client_handle: 0
04-17 18:11:10.732  1083  1105 D libcomposer_ext: DeviceImplAidl::DeviceClientContextAidl::ParseKickIdle()
04-17 18:11:10.762  1118  1136 E HeatmapThread: ECT Thread time in milliseconds: 1776463870
04-17 18:11:10.763  1118  1136 D HeatmapThread: !@ batteryplugType : 2
04-17 18:11:10.763  1118  1136 D HeatmapThread: !@ batteryLevel : 100  batteryTemperature : 247 
04-17 18:11:10.763  1118  1136 D HeatmapThread: !@ Heatmap currtime: 29607731
04-17 18:11:10.763  1118  1136 D HeatmapThread: !@ Heatmap prevtime: 29607702
04-17 18:11:10.763  1118  1136 D HeatmapThread: !@ Heatmap plugstarttime: 29606513
04-17 18:11:10.763  1118  1136 D HeatmapThread: !@ Heatmap prevv_dsoh_update_time: 29607703
04-17 18:11:10.763  1118  1136 E HeatmapThread: !@ CAM New BSOH: 100
04-17 18:11:10.763  1118  1136 E HeatmapThread: !@ CAM is Working
04-17 18:11:10.830  2569  3389 I ScanController: onScanResult to scannerId: 9- eventType=0x0, addressType=1, address=XX:XX:XX:XX:1F:BF, primaryPhy=1, secondaryPhy=1, advertisingSid=0x2, txPower=127, rssi=-45, periodicAdvInt=0x0
04-17 18:11:10.831  2569  3389 I ScanController: onScanResult to scannerId: 9- eventType=0x10, addressType=1, address=XX:XX:XX:XX:F8:64, primaryPhy=1, secondaryPhy=0, advertisingSid=0xff, txPower=127, rssi=-54, periodicAdvInt=0x0
04-17 18:11:10.832  1128  1352 D libcomposer_ext: ClientImplAidl::kickIdle()
04-17 18:11:10.832  1083  1105 D libcomposer_ext: DeviceImplAidl::syncPerform(17), client_handle: 0
04-17 18:11:10.832  1083  1105 D libcomposer_ext: DeviceImplAidl::DeviceClientContextAidl::ParseKickIdle()
04-17 18:11:10.932  1128  1352 D libcomposer_ext: ClientImplAidl::kickIdle()
04-17 18:11:10.932  1083  1105 D libcomposer_ext: DeviceImplAidl::syncPerform(17), client_handle: 0
04-17 18:11:10.933  1083  1105 D libcomposer_ext: DeviceImplAidl::DeviceClientContextAidl::ParseKickIdle()
04-17 18:11:11.032  1128  1352 D libcomposer_ext: ClientImplAidl::kickIdle()
04-17 18:11:11.032  1083  1105 D libcomposer_ext: DeviceImplAidl::syncPerform(17), client_handle: 0
04-17 18:11:11.032  1083  1105 D libcomposer_ext: DeviceImplAidl::DeviceClientContextAidl::ParseKickIdle()
04-17 18:11:11.132  1128  1352 D libcomposer_ext: ClientImplAidl::kickIdle()
04-17 18:11:11.132  1083  1105 D libcomposer_ext: DeviceImplAidl::syncPerform(17), client_handle: 0
04-17 18:11:11.132  1083  1105 D libcomposer_ext: DeviceImplAidl::DeviceClientContextAidl::ParseKickIdle()
04-17 18:11:11.232  1128  1352 D libcomposer_ext: ClientImplAidl::kickIdle()
04-17 18:11:11.233  1083  1105 D libcomposer_ext: DeviceImplAidl::syncPerform(17), client_handle: 0
04-17 18:11:11.233  1083  1105 D libcomposer_ext: DeviceImplAidl::DeviceClientContextAidl::ParseKickIdle()
04-17 18:11:11.270  1339  1422 D agps    : [agps] WARNING: [CP] cp2_fd_1_reconnect_timeout
04-17 18:11:11.270  1339  1368 E agps    : [agps] ERR: [CP] get_ccci_uart  open failed node=[/dev/ttyC2] reason=[No such file or directory]
04-17 18:11:11.270  1339  1368 E agps    : [agps] ERR: [CP] get_eemcs_uart  open failed node=[/dev/eemcs_ipc_uart] reason=[No such file or directory]
04-17 18:11:11.270  1339  1368 E agps    : [agps] ERR: [CP] ccci_uart_1  open failed
04-17 18:11:11.332  1128  1352 D libcomposer_ext: ClientImplAidl::kickIdle()
04-17 18:11:11.332  1083  1105 D libcomposer_ext: DeviceImplAidl::syncPerform(17), client_handle: 0
04-17 18:11:11.332  1083  1105 D libcomposer_ext: DeviceImplAidl::DeviceClientContextAidl::ParseKickIdle()
04-17 18:11:11.432  1128  1352 D libcomposer_ext: ClientImplAidl::kickIdle()
04-17 18:11:11.433  1083  1105 D libcomposer_ext: DeviceImplAidl::syncPerform(17), client_handle: 0
04-17 18:11:11.433  1083  1105 D libcomposer_ext: DeviceImplAidl::DeviceClientContextAidl::ParseKickIdle()
04-17 18:11:11.511  4173  4173 I SDHMS:LOAD: type: LoadsFreqs, value: 0:0:0:600000:600000:600000:550000:550000:550000:0:0:0
04-17 18:11:11.532  1128  1352 D libcomposer_ext: ClientImplAidl::kickIdle()
04-17 18:11:11.533  1083  1105 D libcomposer_ext: DeviceImplAidl::syncPerform(17), client_handle: 0
04-17 18:11:11.533  1083  1105 D libcomposer_ext: DeviceImplAidl::DeviceClientContextAidl::ParseKickIdle()
04-17 18:11:11.632  1128  1352 D libcomposer_ext: ClientImplAidl::kickIdle()
04-17 18:11:11.633  1083  1105 D libcomposer_ext: DeviceImplAidl::syncPerform(17), client_handle: 0
04-17 18:11:11.633  1083  1105 D libcomposer_ext: DeviceImplAidl::DeviceClientContextAidl::ParseKickIdle()
04-17 18:11:11.732  1128  1352 D libcomposer_ext: ClientImplAidl::kickIdle()
04-17 18:11:11.733  1083  1105 D libcomposer_ext: DeviceImplAidl::syncPerform(17), client_handle: 0
04-17 18:11:11.733  1083  1105 D libcomposer_ext: DeviceImplAidl::DeviceClientContextAidl::ParseKickIdle()
04-17 18:11:11.762  1118  1136 E HeatmapThread: ECT Thread time in milliseconds: 1776463871
04-17 18:11:11.763  1118  1136 D HeatmapThread: !@ batteryplugType : 2
04-17 18:11:11.763  1118  1136 D HeatmapThread: !@ batteryLevel : 100  batteryTemperature : 247 
04-17 18:11:11.763  1118  1136 D HeatmapThread: !@ Heatmap currtime: 29607731
04-17 18:11:11.763  1118  1136 D HeatmapThread: !@ Heatmap prevtime: 29607702
04-17 18:11:11.763  1118  1136 D HeatmapThread: !@ Heatmap plugstarttime: 29606513
04-17 18:11:11.763  1118  1136 D HeatmapThread: !@ Heatmap prevv_dsoh_update_time: 29607703
04-17 18:11:11.763  1118  1136 E HeatmapThread: !@ CAM New BSOH: 100
04-17 18:11:11.763  1118  1136 E HeatmapThread: !@ CAM is Working
04-17 18:11:11.808  3247 23616 I NearbyMediums: Found Fast Ble Advertisements :
04-17 18:11:11.808  3247 23616 I NearbyMediums: BleAdvertisement { version=2, socketVersion=2, isFast=true, serviceIdHash=null, data=[ 0x23 0x49 0x55 0x47 0x59 0x11 0x32 0x26 0x4b 0xd3 0x7a 0x79 0xc2 0x7b 0x41 0x5e 0xe0 0x68 0x75 0xb8 0x28 0x8a 0xdb ], deviceToken=[ 0x4d 0x84 ], rxAdvertisement=[ 0xa0 0x17 0x27 0x67 0x38 0xe9 0x7e 0xf0 0x99 0x59 0xdf 0xf9 0x0c 0x6a 0x75 0x22 0x53 0x59 0x0c 0x94 0x10 0xd3 0x05 0x76 0xfd 0x4e 0x95 0xc9 0x36 0xf8 0x50 0x98 0x46 0x45 0x84 0x15 0x05 0x7f 0x00 0x00 0x84 0x15 0x06 0x61 0x00 0x00 0x84 0x15 0x04 0x7f 0x00 0x00 0x83 0x15 0x01 0x15 0xcc ] } : 6 times.
04-17 18:11:11.808  3247 23616 I NearbyMediums: Total 6 fast advertisements from 1 unique advertisers.
04-17 18:11:11.808  3247 23616 I NearbyMediums: Current Tracked Scanning Clients are : {NearbyConnections.EnvironmentMonitor, NearbySharing, NearbyConnections.TxAdvertisement}
04-17 18:11:11.809  3247 23910 I NearbyConnections: Processing lost BlePeripheral BlePeripheral{advertisement=BleAdvertisement { version=2, socketVersion=2, isFast=true, serviceIdHash=null, data=[ 0x23 0x39 0x4b 0x4f 0x4f 0x11 0x32 0x92 0xe3 0x9b 0x9c 0x08 0xf4 0x2b 0x36 0xfe 0x3f 0x1b 0x89 0xb9 0x68 0xf6 0x8e ], deviceToken=[ 0x54 0xd3 ], rxAdvertisement=null }, dctAdvertisement=null, address=null, psm=0, deviceToken=<ByteString@a32b1ce size=2 contents="T\323">, isSecondProfile=false, rxInstantConnectionAdv=null}.
04-17 18:11:11.809  3247 23910 I NearbyConnections: Lost BleEndpoint for BlePeripheral BlePeripheral{advertisement=BleAdvertisement { version=2, socketVersion=2, isFast=true, serviceIdHash=null, data=[ 0x23 0x39 0x4b 0x4f 0x4f 0x11 0x32 0x92 0xe3 0x9b 0x9c 0x08 0xf4 0x2b 0x36 0xfe 0x3f 0x1b 0x89 0xb9 0x68 0xf6 0x8e ], deviceToken=[ 0x54 0xd3 ], rxAdvertisement=null }, dctAdvertisement=null, address=null, psm=0, deviceToken=<ByteString@a32b1ce size=2 contents="T\323">, isSecondProfile=false, rxInstantConnectionAdv=null} (with EndpointId 9KOO and EndpointInfo [ 0x32 0x92 0xe3 0x9b 0x9c 0x08 0xf4 0x2b 0x36 0xfe 0x3f 0x1b 0x89 0xb9 0x68 0xf6 0x8e ]).
04-17 18:11:11.809  3247 23910 I NearbyConnections: Unable to record lost endpoint due to null currentDiscoveryPhase
04-17 18:11:11.809  3247 23910 I NearbyConnections: ClientProxy(245826914) reporting onEndpointLost(9KOO)
04-17 18:11:11.811  3247 23616 I NearbySharing: NearbySharing Internal event EndpointLost(endpointId=9KOO)
04-17 18:11:11.812  3247 23928 I NearbySharing: [NS_DISCOVERY] DiscoveryController reported Lost(endpointId=9KOO)
04-17 18:11:11.826  4552  4618 I LorieNative: DamageTraceV2: Composite count=409536 drawableType=WINDOW screenPixmap=0 drawable=0xb400007ac0696dd0 geom=2414x1848 box=0,0-2414,1848 fn=0x7a17914ed4 fn_offset=0x311ed4 fbase=0x7a17603000 sym=unknown so=/data/app/~~iNwcSjv3C2CZCLwcLxpEtA==/com.termux.x11-1tus8NhfW98goVF914TrYw==/base.apk!/lib/arm64-v8a/libXlorie.so
04-17 18:11:11.832  1128  1352 D libcomposer_ext: ClientImplAidl::kickIdle()
04-17 18:11:11.832  1083  1105 D libcomposer_ext: DeviceImplAidl::syncPerform(17), client_handle: 0
04-17 18:11:11.833  1083  1105 D libcomposer_ext: DeviceImplAidl::DeviceClientContextAidl::ParseKickIdle()
04-17 18:11:11.932  1128  1352 D libcomposer_ext: ClientImplAidl::kickIdle()
04-17 18:11:11.933  1083  1105 D libcomposer_ext: DeviceImplAidl::syncPerform(17), client_handle: 0
04-17 18:11:11.933  1083  1105 D libcomposer_ext: DeviceImplAidl::DeviceClientContextAidl::ParseKickIdle()
04-17 18:11:11.971  1701  3112 I NSLocationMonitor: getGPSUsingApps() called
04-17 18:11:11.971  3110  3160 I NSLocationManager_FLP: getGPSUsingApps, No change
04-17 18:11:11.985  1701  3112 D FreecessHandler: freeze com.runelitetablet(10141) result : 2
04-17 18:11:12.032  1128  1352 D libcomposer_ext: ClientImplAidl::kickIdle()
04-17 18:11:12.033  1083  1105 D libcomposer_ext: DeviceImplAidl::syncPerform(17), client_handle: 0
04-17 18:11:12.033  1083  1105 D libcomposer_ext: DeviceImplAidl::DeviceClientContextAidl::ParseKickIdle()
04-17 18:11:12.036  3233  3679 E frs     : Failed to open /sys/kernel/thermal/frs_nl_id: No such file or directory
04-17 18:11:12.036  3233  3679 I frs     : read netlink id fail, reason:No such file or directory
04-17 18:11:12.132  1128  1352 D libcomposer_ext: ClientImplAidl::kickIdle()
04-17 18:11:12.133  1083  1105 D libcomposer_ext: DeviceImplAidl::syncPerform(17), client_handle: 0
04-17 18:11:12.133  1083  1105 D libcomposer_ext: DeviceImplAidl::DeviceClientContextAidl::ParseKickIdle()
04-17 18:11:12.232  1128  1352 D libcomposer_ext: ClientImplAidl::kickIdle()
04-17 18:11:12.233  1083  1105 D libcomposer_ext: DeviceImplAidl::syncPerform(17), client_handle: 0
04-17 18:11:12.233  1083  1105 D libcomposer_ext: DeviceImplAidl::DeviceClientContextAidl::ParseKickIdle()
04-17 18:11:12.313  3247 23927 I NearbySharing: [NS_CONTROL] DiscoveryStateManager emitted ReportLost(id=13).
04-17 18:11:12.313  3247 23927 I NearbySharing: NearbySharing Internal event ReceiverLost(receiverId=13)
04-17 18:11:12.314  3247 23910 I NearbySharing: SendManager event Lost(receiverId=13)
04-17 18:11:12.315  3247 23928 I NearbySharing: ShareTargetDiscoveredCallback: onShareTargetLost()
04-17 18:11:12.318  3247  3247 I NearbySharing: ShortcutInfoManager removed shortcut Rob's S25 Ultra
04-17 18:11:12.332  1128  1352 D libcomposer_ext: ClientImplAidl::kickIdle()
04-17 18:11:12.333  1083  1105 D libcomposer_ext: DeviceImplAidl::syncPerform(17), client_handle: 0
04-17 18:11:12.333  1083  1105 D libcomposer_ext: DeviceImplAidl::DeviceClientContextAidl::ParseKickIdle()
04-17 18:11:12.418  1701  2300 I SemExecuteManagerService: onShortcutChanged: com.google.android.gms0
04-17 18:11:12.430  2953  2953 I HoneySpace.PackageOperationTracker: onShortcutsChanged com.google.android.gms - 1 UserHandle{0}
04-17 18:11:12.432  2953 23603 I HoneySpace.ShortcutDataSourceImpl: shortcut updated. ShortcutInfo {id=***, flags=0xa481 [DynIc-uStrRetsLiv], packageName=com.google.android.gms, activity=ComponentInfo{com.google.android.gms/com.google.android.gms.nearby.sharing.main.MainActivity}, shortLabel=***, resId=0[null], longLabel=***, resId=0[null], disabledMessage=***, resId=0[null], disabledReason=[Not disabled], categories={com.google.android.gms.nearby.sharing.main.SHARE_TARGET}, persons=null, icon=null, rank=0, timestamp=1776462931301, intents=null, extras=PersistableBundle[mParcelledData.dataSize=1284]}
04-17 18:11:12.432  2953  2953 I HoneySpace.HoneySpaceManagerContainer: packageUpdateEvent - com.honeyspace.sdk.source.entity.PackageOperation$ShortcutChanged@e9d4341
04-17 18:11:12.432  2953 19530 I HoneySpace.HistoryViewModel@267434457@OneUI: handlePackageEvent
04-17 18:11:12.433  1128  1352 D libcomposer_ext: ClientImplAidl::kickIdle()
04-17 18:11:12.433  1083  1105 D libcomposer_ext: DeviceImplAidl::syncPerform(17), client_handle: 0
04-17 18:11:12.433  1083  1105 D libcomposer_ext: DeviceImplAidl::DeviceClientContextAidl::ParseKickIdle()
04-17 18:11:12.433  2953 23913 I HoneySpace.HistoryViewModel@240118863@OneUI: handlePackageEvent
04-17 18:11:12.434  2953  2953 I HoneySpace.EventListenerRegistry: pendingPackageOperation : pending = false, com.honeyspace.sdk.source.entity.PackageOperation$ShortcutChanged@e9d4341
04-17 18:11:12.520  2569  3389 I ScanController: onScanResult to scannerId: 3- eventType=0x1b, addressType=1, address=XX:XX:XX:XX:E6:08, primaryPhy=1, secondaryPhy=0, advertisingSid=0xff, txPower=127, rssi=-87, periodicAdvInt=0x0
04-17 18:11:12.533  1128  1352 D libcomposer_ext: ClientImplAidl::kickIdle()
04-17 18:11:12.534  1083  1105 D libcomposer_ext: DeviceImplAidl::syncPerform(17), client_handle: 0
04-17 18:11:12.534  1083  1105 D libcomposer_ext: DeviceImplAidl::DeviceClientContextAidl::ParseKickIdle()
04-17 18:11:12.573  1701  1761 D KNOX_MDM_SettingsProvider: isChangeAllowed() : name = enabled_notification_listeners
04-17 18:11:12.628  4552  4618 I LorieNative: ExaTrace: putImage accel count=423168 drawableType=1 drawableId=0x2001a1 geom=2414x1848 size=1207x924 format=2 depth=24
04-17 18:11:12.633  1128  1352 D libcomposer_ext: ClientImplAidl::kickIdle()
04-17 18:11:12.633  1083  1105 D libcomposer_ext: DeviceImplAidl::syncPerform(17), client_handle: 0
04-17 18:11:12.633  1083  1105 D libcomposer_ext: DeviceImplAidl::DeviceClientContextAidl::ParseKickIdle()
04-17 18:11:12.733  1128  1352 D libcomposer_ext: ClientImplAidl::kickIdle()
04-17 18:11:12.733  1083  1105 D libcomposer_ext: DeviceImplAidl::syncPerform(17), client_handle: 0
04-17 18:11:12.733  1083  1105 D libcomposer_ext: DeviceImplAidl::DeviceClientContextAidl::ParseKickIdle()
04-17 18:11:12.736  2392  2392 D WifiHAL : WifiRequest::create vendor command to iface 15, vendor_id=0x1a11, subcmd=0x1200, res=0
04-17 18:11:12.750  2392  2392 I WifiHAL : LLS RSP: data=0xb400007858a343a0, len=5244
04-17 18:11:12.750  2392  2392 I WifiHAL : LLS check_data_sanity: 1819: current_radio_stat->num_channels=11
04-17 18:11:12.750  2392  2392 I WifiHAL : LLS check_data_sanity: 1819: current_radio_stat->num_channels=42
04-17 18:11:12.750  2392  2392 I WifiHAL : LLS check_data_sanity: confirmed_size=5244, len=5244
04-17 18:11:12.754  1701  3834 D SemWifiUsabilityStatsMonitor: onWifiUsabilityStats - seqNum 35016, isSameBssidAndFreq true
04-17 18:11:12.756  1701  2325 D InsDataManager: onOutageCountUpdate() - Outage Data: 0, LQ : Y. Outage Triggered: false
04-17 18:11:12.756  1701  2325 D InsDataManager: Trying to save initial normal data.
04-17 18:11:12.756  1701  2325 D SensorCollector: syncMappedBuffers: 0, 0, 0
04-17 18:11:12.756  1701  2325 D InsDataManager: trimBuffers start.
04-17 18:11:12.756  1701  2325 D InsDataManager: trimBuffers - nsmBuffer size: 26
04-17 18:11:12.756  1701  2325 D InsDataManager: Too short for collecting additional normal data
04-17 18:11:12.756  1701  2325 D SemInsManager: {"bssid": "06ef37655765","rssi": -61.0,"latency": 0.0,"outage_count": 0,"lq_callback_triggered": true,"outage_log": "Unreliable statistics: -61.0 / 2 / 120 / 48 / 1 || 06ef37655765: 0.000 / 0.000 / @ || N N / 0 0 / Y 2.0 / Y X 0 / 106130241 0 || Invalid""Magnetic Sensor Events size": "0""Pressure Sensor Events size": "0"}
04-17 18:11:12.759  1701  2342 D SGM:GameManager: identifyGamePackage. com.fieldguideapp.inspector, mCurrentUserId: 0, callingMethodInfo: com.samsung.android.game.SemGameManager.isGamePackage(SemGameManager.java:106)
04-17 18:11:12.759  1701  2342 D SGM:SemGameManager: isGamePackage(), pkgName=com.fieldguideapp.inspector, ret=false
04-17 18:11:12.759  1701  2342 W ContextImpl: Calling a method in the system process without a qualified user: android.app.ContextImpl.bindService:2167 com.samsung.android.server.wifi.SemWifiIntelligentConnectionManager.iwh_predict_action:8 com.samsung.android.server.wifi.SemWifiIntelligentConnectionManager.-$$Nest$miwh_predict_action:1 com.samsung.android.server.wifi.SemWifiIntelligentConnectionManager$IntelligentConnectionManagerHandler.handleMessage:762 android.os.Handler.dispatchMessage:110 
04-17 18:11:12.762  1701  2301 D BackgroundInstallControlService: Package event received: 0
04-17 18:11:12.762  1118  1136 E HeatmapThread: ECT Thread time in milliseconds: 1776463872
04-17 18:11:12.763  1118  1136 D HeatmapThread: !@ batteryplugType : 2
04-17 18:11:12.763  1118  1136 D HeatmapThread: !@ batteryLevel : 100  batteryTemperature : 247 
04-17 18:11:12.763  1118  1136 D HeatmapThread: !@ Heatmap currtime: 29607731
04-17 18:11:12.763  1118  1136 D HeatmapThread: !@ Heatmap prevtime: 29607702
04-17 18:11:12.763  1118  1136 D HeatmapThread: !@ Heatmap plugstarttime: 29606513
04-17 18:11:12.763  1118  1136 D HeatmapThread: !@ Heatmap prevv_dsoh_update_time: 29607703
04-17 18:11:12.763  1118  1136 E HeatmapThread: !@ CAM New BSOH: 100
04-17 18:11:12.763  1118  1136 E HeatmapThread: !@ CAM is Working
04-17 18:11:12.781  1068  1068 D Zygote  : Forked child process 23930
04-17 18:11:12.781  1701  1769 I ActivityManager: Start proc 23930:com.samsung.android.wifi.intelligence:iwhInfService/1000 for service {com.samsung.android.wifi.intelligence/com.samsung.android.wifi.intelligence.iwh.IwhInfService}
04-17 18:11:12.782  1701  1769 I ActivityManager: ProcessObserver broadcast disabled
04-17 18:11:12.807 23930 23930 I e:iwhInfService: Using CollectorTypeCMC GC.
04-17 18:11:12.825 23930 23930 I e:iwhInfService: Could not load runtime generated app image: Boot image checksum mismatch (0x529bc961 != 0x895130f8) in image /data/user/0/com.samsung.android.wifi.intelligence/cache/oat_primary/arm64/WifiIntelligence.art
04-17 18:11:12.832  1701  2301 D BackgroundInstallControlService: Package event received: 0
04-17 18:11:12.833  1128  1352 D libcomposer_ext: ClientImplAidl::kickIdle()
04-17 18:11:12.833  1083  1105 D libcomposer_ext: DeviceImplAidl::syncPerform(17), client_handle: 0
04-17 18:11:12.833  1083  1105 D libcomposer_ext: DeviceImplAidl::DeviceClientContextAidl::ParseKickIdle()
04-17 18:11:12.837 23930 23944 I org.tensorflow.lite.h: Loaded native library: tensorflowlite_jni
04-17 18:11:12.837 23930 23944 I org.tensorflow.lite.h: Didn't load native library: tensorflowlite_jni_gms_client
04-17 18:11:12.839 23930 23944 I tflite  : Initialized TensorFlow Lite runtime.
04-17 18:11:12.856  4552  4618 I LorieNative: choreographer callbacks in 5.0 seconds = 30.0 FPS
04-17 18:11:12.856  4552  4618 I LorieNative: redraw wakeups in 5.0 seconds = 30.0 FPS
04-17 18:11:12.856  4552  4618 I LorieNative: damage-triggered redraws in 5.0 seconds = 0.0 FPS
04-17 18:11:12.857  4552  4618 I LorieNative: AhbLockTrace: sticky=0 lock_calls=0 unlock_calls=0 sticky_hits=750 flush_skipped=0 in 5.0s
04-17 18:11:12.857  4552  4618 I LorieNative: present flip attempts in 5.0 seconds = 0.0 FPS (accepted 0.0, rejected 0.0)
04-17 18:11:12.857  4552  4618 I LorieNative: present after-flips in 5.0 seconds = 0.0 FPS
04-17 18:11:12.875 23930 23944 I tflite  : Created TensorFlow Lite delegate for select TF ops.
04-17 18:11:12.877 23930 23944 I tflite  : TfLiteFlexDelegate delegate: 0 nodes delegated out of 20 nodes with 0 partitions.
04-17 18:11:12.877 23930 23944 I tflite  : Replacing 12 node(s) with delegate (TfLiteFlexDelegate) node, yielding 3 partitions.
04-17 18:11:12.883 23930 23944 I tflite  : Replacing 2 node(s) with delegate (TfLiteFlexDelegate) node, yielding 2 partitions.
04-17 18:11:12.883 23930 23944 I tflite  : Replacing 6 node(s) with delegate (TfLiteFlexDelegate) node, yielding 7 partitions.
04-17 18:11:12.883 23930 23944 I tflite  : Replacing 2 node(s) with delegate (TfLiteFlexDelegate) node, yielding 5 partitions.
04-17 18:11:12.885 23930 23944 W libc    : Access denied finding property "ro.mediatek.platform"
04-17 18:11:12.885 23930 23944 I tflite  : Created TensorFlow Lite XNNPACK delegate for CPU.
04-17 18:11:12.888 23930 23944 I IwhInfService: IWH model: KI10SBIh5y / 0 /  T  | 402 / 6 / 0
04-17 18:11:12.889 23930 23944 I IwhInfService: Inferenced state & reuslt : [0.586, 0.16666667] | false
04-17 18:11:12.892  1701  2342 W ContextImpl: Calling a method in the system process without a qualified user: android.app.ContextImpl.stopService:2080 com.samsung.android.server.wifi.SemWifiIntelligentConnectionManager$IntelligentConnectionManagerHandler.handleMessage:247 android.os.Handler.dispatchMessage:110 android.os.Looper.loopOnce:273 android.os.Looper.loop:363 
04-17 18:11:12.892  1701  2342 I Process : Sending signal. PID: 23930 SIG: 9
04-17 18:11:12.894  1701  2342 I SemWifiIntelligentConnectionManager: HQ: KI10SBIh5y / 37:65 / 5765 / -61 / 137 / 586 | 80 / 362 / 0 / NR / F / F / T / 1 / 63 | 0 / 0 (-75.0) ---> S / S / 0
04-17 18:11:12.909  1701  4281 I ActivityManager: Process com.samsung.android.wifi.intelligence:iwhInfService (pid 23930) has died: cch+5 CEM (1178,2417)
04-17 18:11:12.909  1068  1068 I Zygote  : Process 23930 exited due to signal 9 (Killed)
04-17 18:11:12.910  1701  1770 I libprocessgroup: Removed cgroup /sys/fs/cgroup/system/uid_1000/pid_23930
04-17 18:11:12.933  1128  1352 D libcomposer_ext: ClientImplAidl::kickIdle()
04-17 18:11:12.933  1083  1105 D libcomposer_ext: DeviceImplAidl::syncPerform(17), client_handle: 0
04-17 18:11:12.933  1083  1105 D libcomposer_ext: DeviceImplAidl::DeviceClientContextAidl::ParseKickIdle()
04-17 18:11:13.033  1128  1352 D libcomposer_ext: ClientImplAidl::kickIdle()
04-17 18:11:13.033  1083  1105 D libcomposer_ext: DeviceImplAidl::syncPerform(17), client_handle: 0
04-17 18:11:13.033  1083  1105 D libcomposer_ext: DeviceImplAidl::DeviceClientContextAidl::ParseKickIdle()
04-17 18:11:13.038  1128  1363 D DisplayModeController: setDesiredMode 4627039422300187648 {mode={fps=120.00 Hz, modePtr={id=1, vsyncRate=120.00 Hz, peakRefreshRate=120.00 Hz}}, emitEvent=true, force=false}
04-17 18:11:13.039  1128  1363 D Scheduler: MtkOverrideDuration: update vsync 120
04-17 18:11:13.039  1128  1363 E SurfaceFlinger: MtkDuration override mode is disabled
04-17 18:11:13.039  1128  1363 D Scheduler: MtkOverrideDuration: reset override duration
04-17 18:11:13.039  1128  1363 I PowerHalWrapper: updateFps(): 120
04-17 18:11:13.039  1083  1331 I hwcomposer: [DRMDEV] (0:115) failed to waitNextVsync: -1  
04-17 18:11:13.040  1088  1088 I mali_platform_hal: useCompressionVulkan pid=23160, applicationName=Impeller, 0
04-17 18:11:13.041  1088  1088 I mali_platform_hal: useCompressionVulkan pid=23160, applicationName=Impeller, 0
04-17 18:11:13.044  1128  1211 I VSyncReactor: Current= 30, Period= 120, hwcPeriod= 30
04-17 18:11:13.067  1128  1128 I BufferQueueProducer: [f01f4f4 SurfaceView[com.fieldguideapp.inspector/com.fieldguideapp.inspector.MainActivity]@0(BLAST)#3100](this:0xb40000702728ce58,id:-1,api:0,p:-1,c:1128) queueBuffer: fps=0.01 dur=243608.71 max=243583.73 min=24.98
04-17 18:11:13.068  1128  1128 I LayerHistory: f01f4f4 SurfaceView[com.fieldguideapp.inspector/com.fieldguideapp.inspector.MainActivity]@0(BLAST)#3100 Max (can't resolve refresh rate)
04-17 18:11:13.068  1128  1128 I SurfaceFlinger: scored - choose 120.00 Hz
04-17 18:11:13.068  1128  1128 I HWComposer: [4627039422300187648] ActiveConfigToHWC, ID : 2
04-17 18:11:13.068  1083  1105 I hwcomposer: [HWCDisplay] (0) setActiveConfigWithConstraints config:2  
04-17 18:11:13.068  1083  1105 I hwcomposer: [HWCDisplay] setActiveConfigWithConstraints(), now 106130555313632, diff 540000, estimated_applied_time 33333333 queued_size:0  
04-17 18:11:13.068  1083  1105 I hwcomposer: [HWCDisplay] Current VRR MODE is 3 | config=2  
04-17 18:11:13.068  1083  1105 I hwcomposer: [DPY] HFR match - Display config: 2, base: 2, try: 1  
04-17 18:11:13.070  1128  1128 I BufferQueueProducer: [FramebufferSurface](this:0xb400007166ffeb90,id:-1,api:1,p:1128,c:1128) queueBuffer: fps=0.31 dur=12987.65 max=12757.65 min=4.77
04-17 18:11:13.070  1083  1105 I hwcomposer: [HWCDisplay] [Display_0 (type:1, mode:2)] fps:0.307990,dur:12987.45,max:12757.57,min:4.71  
04-17 18:11:13.077  1128  1211 I VSyncReactor: Current= 30, Period= 120, hwcPeriod= 120
04-17 18:11:13.077  1083  1373 I hwcomposer: [HWCDisplay] updateAppliedConfigState: applied config complete[idx:9922, config:2]  
04-17 18:11:13.092  1128  1128 I PowerHalWrapper: updateFps(): 120
04-17 18:11:13.092  1128  1128 D SurfaceFlinger: finalizeDisplayModeChange: display size = 1
04-17 18:11:13.092  1128  1128 I PowerHalWrapper: mEnableMultiDisplayMode enable=0 fps=120
04-17 18:11:13.092  1128  1128 I mtkpower_client: PowerHal_Wrap_EnableMultiDisplayMode, enable:0 fps:120 CurMultiDisplayMode:-1
04-17 18:11:13.092  1128  1128 I PowerHalWrapper: updateFps(): 120
04-17 18:11:13.104  4552  4618 I LorieNative: DamageTraceV2: Composite count=409600 drawableType=WINDOW screenPixmap=0 drawable=0xb400007ac0696dd0 geom=2414x1848 box=0,0-2414,1848 fn=0x7a17914ed4 fn_offset=0x311ed4 fbase=0x7a17603000 sym=unknown so=/data/app/~~iNwcSjv3C2CZCLwcLxpEtA==/com.termux.x11-1tus8NhfW98goVF914TrYw==/base.apk!/lib/arm64-v8a/libXlorie.so
04-17 18:11:13.122  1128  1352 D libcomposer_ext: ClientImplAidl::kickIdle()
04-17 18:11:13.122  1083  1105 D libcomposer_ext: DeviceImplAidl::syncPerform(17), client_handle: 0
04-17 18:11:13.122  1083  1105 D libcomposer_ext: DeviceImplAidl::DeviceClientContextAidl::ParseKickIdle()
04-17 18:11:13.138  1128  1352 D libcomposer_ext: ClientImplAidl::kickIdle()
04-17 18:11:13.139  1083  1105 D libcomposer_ext: DeviceImplAidl::syncPerform(17), client_handle: 0
04-17 18:11:13.139  1083  1105 D libcomposer_ext: DeviceImplAidl::DeviceClientContextAidl::ParseKickIdle()
04-17 18:11:13.155  1128  1352 D libcomposer_ext: ClientImplAidl::kickIdle()
04-17 18:11:13.155  1083  1105 D libcomposer_ext: DeviceImplAidl::syncPerform(17), client_handle: 0
04-17 18:11:13.155  1083  1105 D libcomposer_ext: DeviceImplAidl::DeviceClientContextAidl::ParseKickIdle()
04-17 18:11:13.172  1128  1352 D libcomposer_ext: ClientImplAidl::kickIdle()
04-17 18:11:13.172  1083  1105 D libcomposer_ext: DeviceImplAidl::syncPerform(17), client_handle: 0
04-17 18:11:13.172  1083  1105 D libcomposer_ext: DeviceImplAidl::DeviceClientContextAidl::ParseKickIdle()
04-17 18:11:13.197  1128  1352 D libcomposer_ext: ClientImplAidl::kickIdle()
04-17 18:11:13.197  1083  1105 D libcomposer_ext: DeviceImplAidl::syncPerform(17), client_handle: 0
04-17 18:11:13.197  1083  1105 D libcomposer_ext: DeviceImplAidl::DeviceClientContextAidl::ParseKickIdle()
04-17 18:11:13.213  1128  1352 D libcomposer_ext: ClientImplAidl::kickIdle()
04-17 18:11:13.213  1083  1105 D libcomposer_ext: DeviceImplAidl::syncPerform(17), client_handle: 0
04-17 18:11:13.214  1083  1105 D libcomposer_ext: DeviceImplAidl::DeviceClientContextAidl::ParseKickIdle()
04-17 18:11:13.230  1128  1352 D libcomposer_ext: ClientImplAidl::kickIdle()
04-17 18:11:13.230  1083  1105 D libcomposer_ext: DeviceImplAidl::syncPerform(17), client_handle: 0
04-17 18:11:13.230  1083  1105 D libcomposer_ext: DeviceImplAidl::DeviceClientContextAidl::ParseKickIdle()
04-17 18:11:13.247  1128  1352 D libcomposer_ext: ClientImplAidl::kickIdle()
04-17 18:11:13.247  1083  1105 D libcomposer_ext: DeviceImplAidl::syncPerform(17), client_handle: 0
04-17 18:11:13.247  1083  1105 D libcomposer_ext: DeviceImplAidl::DeviceClientContextAidl::ParseKickIdle()
